{"at":1786249593.836724,"method":"initialize","request_id":0}
{"done_at":1786249593.837517,"request_id":0,"ok":true}
{"at":1786249593.838293,"method":"notifications/initialized","request_id":null}
{"at":1786249593.838781,"method":"tools/list","request_id":1}
{"done_at":1786249593.839119,"request_id":1,"ok":true}
{"at":1786249606.468797,"method":"tools/call","request_id":2}
{"done_at":1786249606.481551,"request_id":2,"ok":true}
{"at":1786249614.047304,"method":"tools/call","request_id":3}
{"done_at":1786249614.168923,"request_id":3,"ok":true}
{"at":1786249631.260786,"method":"tools/call","request_id":4}
{"done_at":1786249631.301358,"request_id":4,"ok":true}
{"at":1786249637.34492,"method":"tools/call","request_id":5}
{"done_at":1786249637.360823,"request_id":5,"ok":true}
{"at":1786249639.654059,"method":"tools/call","request_id":6}
{"done_at":1786249639.711975,"request_id":6,"ok":true}
{"at":1786249646.348623,"method":"tools/call","request_id":7}
{"done_at":1786249646.394957,"request_id":7,"ok":true}
{"at":1786249651.956635,"method":"tools/call","request_id":8}
{"done_at":1786249651.969361,"request_id":8,"ok":true}
{"at":1786249654.770781,"method":"tools/call","request_id":9}
{"done_at":1786249654.839954,"request_id":9,"ok":true}
{"at":1786249670.061672,"method":"tools/call","request_id":10}
{"done_at":1786249670.112883,"request_id":10,"ok":true}
{"at":1786249676.398735,"method":"tools/call","request_id":11}
{"done_at":1786249676.410172,"request_id":11,"ok":true}
{"at":1786249678.57049,"method":"tools/call","request_id":12}
{"done_at":1786249678.629328,"request_id":12,"ok":true}
{"at":1786249697.073172,"method":"tools/call","request_id":13}
{"done_at":1786249697.124684,"request_id":13,"ok":true}
{"at":1786249704.86402,"method":"tools/call","request_id":14}
{"done_at":1786249704.876746,"request_id":14,"ok":true}
{"at":1786249707.639727,"method":"tools/call","request_id":15}
{"done_at":1786249707.695089,"request_id":15,"ok":true}
{"at":1786249712.979884,"method":"tools/call","request_id":16}
{"done_at":1786249713.028394,"request_id":16,"ok":true}
{"at":1786249720.840301,"method":"tools/call","request_id":17}
{"done_at":1786249720.85552,"request_id":17,"ok":true}
{"at":1786249722.888747,"method":"tools/call","request_id":18}
{"done_at":1786249722.968955,"request_id":18,"ok":true}
{"at":1786249737.091002,"method":"tools/call","request_id":19}
{"done_at":1786249737.152472,"request_id":19,"ok":true}
{"at":1786249742.910617,"method":"tools/call","request_id":20}
{"done_at":1786249742.922675,"request_id":20,"ok":true}
{"at":1786249744.998224,"method":"tools/call","request_id":21}
{"done_at":1786249745.059421,"request_id":21,"ok":true}
{"at":1786249754.347477,"method":"tools/call","request_id":22}
{"done_at":1786249754.402254,"request_id":22,"ok":true}
{"at":1786249757.611791,"method":"tools/call","request_id":23}
{"done_at":1786249757.623135,"request_id":23,"ok":true}
{"at":1786249759.979762,"method":"tools/call","request_id":24}
{"done_at":1786249760.032705,"request_id":24,"ok":true}
{"at":1786249769.162049,"method":"tools/call","request_id":25}
{"done_at":1786249769.223772,"request_id":25,"ok":true}
{"at":1786249774.515528,"method":"tools/call","request_id":26}
{"done_at":1786249774.528176,"request_id":26,"ok":true}
{"at":1786249776.763652,"method":"tools/call","request_id":27}
{"done_at":1786249776.821577,"request_id":27,"ok":true}
{"at":1786249794.321222,"method":"tools/call","request_id":28}
{"done_at":1786249794.370225,"request_id":28,"ok":true}
{"at":1786249799.089126,"method":"tools/call","request_id":29}
{"done_at":1786249799.101405,"request_id":29,"ok":true}
{"at":1786249804.458649,"method":"tools/call","request_id":30}
{"done_at":1786249804.513416,"request_id":30,"ok":true}
{"at":1786249810.139493,"method":"tools/call","request_id":31}
{"done_at":1786249810.184531,"request_id":31,"ok":true}
{"at":1786249813.957007,"method":"tools/call","request_id":32}
{"done_at":1786249813.968797,"request_id":32,"ok":true}
{"at":1786249816.110372,"method":"tools/call","request_id":33}
{"done_at":1786249816.170418,"request_id":33,"ok":true}
{"at":1786249822.450794,"method":"tools/call","request_id":34}
{"done_at":1786249822.494855,"request_id":34,"ok":true}
{"at":1786249825.649862,"method":"tools/call","request_id":35}
{"done_at":1786249825.661554,"request_id":35,"ok":true}
{"at":1786249827.758337,"method":"tools/call","request_id":36}
{"done_at":1786249827.823851,"request_id":36,"ok":true}
{"at":1786249840.260865,"method":"tools/call","request_id":37}
{"done_at":1786249840.303135,"request_id":37,"ok":true}
{"at":1786249846.995319,"method":"tools/call","request_id":38}
{"done_at":1786249847.009058,"request_id":38,"ok":true}
{"at":1786249849.319071,"method":"tools/call","request_id":39}
{"done_at":1786249849.384796,"request_id":39,"ok":true}
{"at":1786249857.312989,"method":"tools/call","request_id":40}
{"done_at":1786249857.367267,"request_id":40,"ok":true}
{"at":1786249862.046777,"method":"tools/call","request_id":41}
{"done_at":1786249862.058983,"request_id":41,"ok":true}
{"at":1786249864.226273,"method":"tools/call","request_id":42}
{"done_at":1786249864.293552,"request_id":42,"ok":true}
{"at":1786249873.737896,"method":"tools/call","request_id":43}
{"done_at":1786249873.793741,"request_id":43,"ok":true}
{"at":1786249879.552961,"method":"tools/call","request_id":44}
{"done_at":1786249879.565232,"request_id":44,"ok":true}
{"at":1786249882.046129,"method":"tools/call","request_id":45}
{"done_at":1786249882.102491,"request_id":45,"ok":true}
{"at":1786249897.127387,"method":"tools/call","request_id":46}
{"done_at":1786249897.175433,"request_id":46,"ok":true}
{"at":1786249900.149769,"method":"tools/call","request_id":47}
{"done_at":1786249900.162847,"request_id":47,"ok":true}
{"at":1786249904.269586,"method":"tools/call","request_id":48}
{"done_at":1786249904.328084,"request_id":48,"ok":true}
{"at":1786249912.360756,"method":"tools/call","request_id":49}
{"done_at":1786249912.420347,"request_id":49,"ok":true}
{"at":1786249920.827685,"method":"tools/call","request_id":50}
{"done_at":1786249920.841285,"request_id":50,"ok":true}
{"at":1786249923.098326,"method":"tools/call","request_id":51}
{"done_at":1786249923.158465,"request_id":51,"ok":true}
{"at":1786249944.482213,"method":"tools/call","request_id":52}
{"done_at":1786249944.526586,"request_id":52,"ok":true}
{"at":1786249948.965538,"method":"tools/call","request_id":53}
{"done_at":1786249948.979398,"request_id":53,"ok":true}
{"at":1786249953.296111,"method":"tools/call","request_id":54}
{"done_at":1786249953.33657,"request_id":54,"ok":true}
{"at":1786249957.079527,"method":"tools/call","request_id":55}
{"done_at":1786249957.092761,"request_id":55,"ok":true}
{"at":1786249959.409821,"method":"tools/call","request_id":56}
{"done_at":1786249959.47196,"request_id":56,"ok":true}
{"at":1786249973.109507,"method":"tools/call","request_id":57}
{"done_at":1786249973.160845,"request_id":57,"ok":true}
{"at":1786249977.773153,"method":"tools/call","request_id":58}
{"done_at":1786249977.790185,"request_id":58,"ok":true}
{"at":1786249980.132213,"method":"tools/call","request_id":59}
{"done_at":1786249980.196423,"request_id":59,"ok":true}
{"at":1786249986.41688,"method":"tools/call","request_id":60}
{"done_at":1786249986.465197,"request_id":60,"ok":true}
{"at":1786249992.805169,"method":"tools/call","request_id":61}
{"done_at":1786249992.818566,"request_id":61,"ok":true}
{"at":1786249995.110893,"method":"tools/call","request_id":62}
{"done_at":1786249995.167518,"request_id":62,"ok":true}
{"at":1786250001.105835,"method":"tools/call","request_id":63}
{"done_at":1786250001.156666,"request_id":63,"ok":true}
{"at":1786250004.637665,"method":"tools/call","request_id":64}
{"done_at":1786250004.649247,"request_id":64,"ok":true}
{"at":1786250006.902877,"method":"tools/call","request_id":65}
{"done_at":1786250006.960927,"request_id":65,"ok":true}
{"at":1786250014.609287,"method":"tools/call","request_id":66}
{"done_at":1786250014.658102,"request_id":66,"ok":true}
{"at":1786250019.295687,"method":"tools/call","request_id":67}
{"done_at":1786250019.309335,"request_id":67,"ok":true}
{"at":1786250023.287048,"method":"tools/call","request_id":68}
{"done_at":1786250023.344485,"request_id":68,"ok":true}
{"at":1786250028.115253,"method":"tools/call","request_id":69}
{"done_at":1786250028.128452,"request_id":69,"ok":true}
{"at":1786250033.949888,"method":"tools/call","request_id":70}
{"done_at":1786250034.002289,"request_id":70,"ok":true}
{"at":1786250047.566314,"method":"tools/call","request_id":71}
{"done_at":1786250047.62497,"request_id":71,"ok":true}
{"at":1786250052.607396,"method":"tools/call","request_id":72}
{"done_at":1786250052.617819,"request_id":72,"ok":true}
{"at":1786250054.981374,"method":"tools/call","request_id":73}
{"done_at":1786250055.04227,"request_id":73,"ok":true}
{"at":1786250074.725588,"method":"tools/call","request_id":74}
{"done_at":1786250074.768276,"request_id":74,"ok":true}
{"at":1786250084.467627,"method":"tools/call","request_id":75}
{"done_at":1786250084.477332,"request_id":75,"ok":true}
{"at":1786250086.729227,"method":"tools/call","request_id":76}
{"done_at":1786250086.782561,"request_id":76,"ok":true}
{"at":1786250107.8363,"method":"tools/call","request_id":77}
{"done_at":1786250107.901409,"request_id":77,"ok":true}
{"at":1786250112.772494,"method":"tools/call","request_id":78}
{"done_at":1786250112.784614,"request_id":78,"ok":true}
{"at":1786250115.027044,"method":"tools/call","request_id":79}
{"done_at":1786250115.090978,"request_id":79,"ok":true}
{"at":1786250124.724495,"method":"tools/call","request_id":80}
{"done_at":1786250124.768278,"request_id":80,"ok":true}
{"at":1786250128.950922,"method":"tools/call","request_id":81}
{"done_at":1786250128.961373,"request_id":81,"ok":true}
{"at":1786250131.162846,"method":"tools/call","request_id":82}
{"done_at":1786250131.216238,"request_id":82,"ok":true}
{"at":1786250138.429265,"method":"tools/call","request_id":83}
{"done_at":1786250138.479493,"request_id":83,"ok":true}
{"at":1786250142.510656,"method":"tools/call","request_id":84}
{"done_at":1786250142.521503,"request_id":84,"ok":true}
{"at":1786250151.347433,"method":"tools/call","request_id":85}
{"done_at":1786250151.395175,"request_id":85,"ok":true}
{"at":1786250155.196045,"method":"tools/call","request_id":86}
{"done_at":1786250155.210588,"request_id":86,"ok":true}
{"at":1786250160.530332,"method":"tools/call","request_id":87}
{"done_at":1786250160.594651,"request_id":87,"ok":true}
{"at":1786250167.942722,"method":"tools/call","request_id":88}
{"done_at":1786250168.004921,"request_id":88,"ok":true}
{"at":1786250171.778296,"method":"tools/call","request_id":89}
{"done_at":1786250171.794744,"request_id":89,"ok":true}
{"at":1786250174.28783,"method":"tools/call","request_id":90}
{"done_at":1786250174.353559,"request_id":90,"ok":true}
{"at":1786250186.451514,"method":"tools/call","request_id":91}
{"done_at":1786250186.50128,"request_id":91,"ok":true}
{"at":1786250189.404538,"method":"tools/call","request_id":92}
{"done_at":1786250189.416526,"request_id":92,"ok":true}
{"at":1786250193.438748,"method":"tools/call","request_id":93}
{"done_at":1786250193.489541,"request_id":93,"ok":true}
{"at":1786250197.753716,"method":"tools/call","request_id":94}
{"done_at":1786250197.764167,"request_id":94,"ok":true}
{"at":1786250200.922094,"method":"tools/call","request_id":95}
{"done_at":1786250200.976879,"request_id":95,"ok":true}
{"at":1786250212.696147,"method":"tools/call","request_id":96}
{"done_at":1786250212.757891,"request_id":96,"ok":true}
{"at":1786250217.811156,"method":"tools/call","request_id":97}
{"done_at":1786250217.822551,"request_id":97,"ok":true}
{"at":1786250223.281036,"method":"tools/call","request_id":98}
{"done_at":1786250223.337948,"request_id":98,"ok":true}
{"at":1786250227.968112,"method":"tools/call","request_id":99}
{"done_at":1786250227.980332,"request_id":99,"ok":true}
{"at":1786250230.275914,"method":"tools/call","request_id":100}
{"done_at":1786250230.334812,"request_id":100,"ok":true}
{"at":1786250237.641446,"method":"tools/call","request_id":101}
{"done_at":1786250237.704511,"request_id":101,"ok":true}
{"at":1786250242.309474,"method":"tools/call","request_id":102}
{"done_at":1786250242.322331,"request_id":102,"ok":true}
{"at":1786250426.891422,"method":"initialize","request_id":0}
{"done_at":1786250426.891923,"request_id":0,"ok":true}
{"at":1786250426.892595,"method":"notifications/initialized","request_id":null}
{"at":1786250426.893105,"method":"tools/list","request_id":1}
{"done_at":1786250426.893417,"request_id":1,"ok":true}
{"at":1786250546.86267,"method":"tools/call","request_id":2}
{"done_at":1786250546.877688,"request_id":2,"ok":true}
{"at":1786250558.171531,"method":"tools/call","request_id":3}
{"done_at":1786250558.266418,"request_id":3,"ok":true}
{"at":1786250592.674779,"method":"tools/call","request_id":4}
{"done_at":1786250592.725244,"request_id":4,"ok":true}
{"at":1786250598.04076,"method":"tools/call","request_id":5}
{"done_at":1786250598.062959,"request_id":5,"ok":true}
{"at":1786250602.175901,"method":"tools/call","request_id":6}
{"done_at":1786250602.272472,"request_id":6,"ok":true}
{"at":1786250615.450234,"method":"tools/call","request_id":7}
{"done_at":1786250615.525301,"request_id":7,"ok":true}
{"at":1786250619.490539,"method":"tools/call","request_id":8}
{"done_at":1786250619.508762,"request_id":8,"ok":true}
{"at":1786250622.92682,"method":"tools/call","request_id":9}
{"done_at":1786250622.996317,"request_id":9,"ok":true}
{"at":1786250634.954692,"method":"tools/call","request_id":10}
{"done_at":1786250635.039084,"request_id":10,"ok":true}
{"at":1786250638.969019,"method":"tools/call","request_id":11}
{"done_at":1786250638.986464,"request_id":11,"ok":true}
{"at":1786250642.911966,"method":"tools/call","request_id":12}
{"done_at":1786250642.988564,"request_id":12,"ok":true}
{"at":1786250655.054738,"method":"tools/call","request_id":13}
{"done_at":1786250655.210019,"request_id":13,"ok":true}
{"at":1786250663.674949,"method":"tools/call","request_id":14}
{"done_at":1786250663.703673,"request_id":14,"ok":true}
{"at":1786250667.609925,"method":"tools/call","request_id":15}
{"done_at":1786250667.703537,"request_id":15,"ok":true}
{"at":1786250695.804885,"method":"tools/call","request_id":16}
{"done_at":1786250695.859777,"request_id":16,"ok":true}
{"at":1786250699.630459,"method":"tools/call","request_id":17}
{"done_at":1786250699.642565,"request_id":17,"ok":true}
{"at":1786250704.282424,"method":"tools/call","request_id":18}
{"done_at":1786250704.337353,"request_id":18,"ok":true}
{"at":1786250719.840493,"method":"tools/call","request_id":19}
{"done_at":1786250719.929521,"request_id":19,"ok":true}
{"at":1786250723.628653,"method":"tools/call","request_id":20}
{"done_at":1786250723.642571,"request_id":20,"ok":true}
{"at":1786250728.295336,"method":"tools/call","request_id":21}
{"done_at":1786250728.35651,"request_id":21,"ok":true}
{"at":1786250737.079577,"method":"tools/call","request_id":22}
{"done_at":1786250737.130591,"request_id":22,"ok":true}
{"at":1786250741.20883,"method":"tools/call","request_id":23}
{"done_at":1786250741.220426,"request_id":23,"ok":true}
{"at":1786250745.226183,"method":"tools/call","request_id":24}
{"done_at":1786250745.294373,"request_id":24,"ok":true}
{"at":1786250784.154357,"method":"tools/call","request_id":25}
{"done_at":1786250784.204282,"request_id":25,"ok":true}
{"at":1786250787.987449,"method":"tools/call","request_id":26}
{"done_at":1786250787.998512,"request_id":26,"ok":true}
{"at":1786250793.989491,"method":"tools/call","request_id":27}
{"done_at":1786250794.104201,"request_id":27,"ok":true}
{"at":1786250805.952537,"method":"tools/call","request_id":28}
{"done_at":1786250806.040414,"request_id":28,"ok":true}
{"at":1786250813.590287,"method":"tools/call","request_id":29}
{"done_at":1786250813.60471,"request_id":29,"ok":true}
{"at":1786250817.312268,"method":"tools/call","request_id":30}
{"done_at":1786250817.421922,"request_id":30,"ok":true}
{"at":1786250827.374188,"method":"tools/call","request_id":31}
{"done_at":1786250827.483464,"request_id":31,"ok":true}
{"at":1786250832.563587,"method":"tools/call","request_id":32}
{"done_at":1786250832.579862,"request_id":32,"ok":true}
{"at":1786250837.401414,"method":"tools/call","request_id":33}
{"done_at":1786250837.490808,"request_id":33,"ok":true}
{"at":1786250848.406382,"method":"tools/call","request_id":34}
{"done_at":1786250848.471713,"request_id":34,"ok":true}
{"at":1786250852.670934,"method":"tools/call","request_id":35}
{"done_at":1786250852.683046,"request_id":35,"ok":true}
{"at":1786250857.075683,"method":"tools/call","request_id":36}
{"done_at":1786250857.151776,"request_id":36,"ok":true}
{"at":1786250872.991379,"method":"tools/call","request_id":37}
{"done_at":1786250873.071886,"request_id":37,"ok":true}
{"at":1786250877.269835,"method":"tools/call","request_id":38}
{"done_at":1786250877.290931,"request_id":38,"ok":true}
{"at":1786250884.063882,"method":"tools/call","request_id":39}
{"done_at":1786250884.147384,"request_id":39,"ok":true}
{"at":1786250894.556438,"method":"tools/call","request_id":40}
{"done_at":1786250894.610589,"request_id":40,"ok":true}
{"at":1786250899.470857,"method":"tools/call","request_id":41}
{"done_at":1786250899.487695,"request_id":41,"ok":true}
{"at":1786250903.912228,"method":"tools/call","request_id":42}
{"done_at":1786250904.023597,"request_id":42,"ok":true}
{"at":1786250921.232208,"method":"tools/call","request_id":43}
{"done_at":1786250921.29697,"request_id":43,"ok":true}
{"at":1786250925.698825,"method":"tools/call","request_id":44}
{"done_at":1786250925.712911,"request_id":44,"ok":true}
{"at":1786250930.368373,"method":"tools/call","request_id":45}
{"done_at":1786250930.45105,"request_id":45,"ok":true}
{"at":1786250939.642575,"method":"tools/call","request_id":46}
{"done_at":1786250939.719413,"request_id":46,"ok":true}
{"at":1786250946.367206,"method":"tools/call","request_id":47}
{"done_at":1786250946.384649,"request_id":47,"ok":true}
{"at":1786250951.625191,"method":"tools/call","request_id":48}
{"done_at":1786250951.697071,"request_id":48,"ok":true}
{"at":1786250962.636887,"method":"tools/call","request_id":49}
{"done_at":1786250962.705781,"request_id":49,"ok":true}
{"at":1786250967.096157,"method":"tools/call","request_id":50}
{"done_at":1786250967.111415,"request_id":50,"ok":true}
{"at":1786250974.540338,"method":"tools/call","request_id":51}
{"done_at":1786250974.615214,"request_id":51,"ok":true}
{"at":1786250981.669678,"method":"tools/call","request_id":52}
{"done_at":1786250981.723522,"request_id":52,"ok":true}
{"at":1786250985.859328,"method":"tools/call","request_id":53}
{"done_at":1786250985.88115,"request_id":53,"ok":true}
{"at":1786250992.117579,"method":"tools/call","request_id":54}
{"done_at":1786250992.20568,"request_id":54,"ok":true}
{"at":1786251010.855383,"method":"tools/call","request_id":55}
{"done_at":1786251010.951975,"request_id":55,"ok":true}
{"at":1786251015.592645,"method":"tools/call","request_id":56}
{"done_at":1786251015.607837,"request_id":56,"ok":true}
{"at":1786251020.301492,"method":"tools/call","request_id":57}
{"done_at":1786251020.398833,"request_id":57,"ok":true}
{"at":1786251032.004679,"method":"tools/call","request_id":58}
{"done_at":1786251032.05849,"request_id":58,"ok":true}
{"at":1786251037.213301,"method":"tools/call","request_id":59}
{"done_at":1786251037.225412,"request_id":59,"ok":true}
{"at":1786251041.480879,"method":"tools/call","request_id":60}
{"done_at":1786251041.571118,"request_id":60,"ok":true}
{"at":1786251051.511884,"method":"tools/call","request_id":61}
{"done_at":1786251051.592904,"request_id":61,"ok":true}
{"at":1786251055.754222,"method":"tools/call","request_id":62}
{"done_at":1786251055.768182,"request_id":62,"ok":true}
{"at":1786251061.5372,"method":"tools/call","request_id":63}
{"done_at":1786251061.605882,"request_id":63,"ok":true}
{"at":1786251071.582522,"method":"tools/call","request_id":64}
{"done_at":1786251071.649392,"request_id":64,"ok":true}
{"at":1786251079.298989,"method":"tools/call","request_id":65}
{"done_at":1786251079.316924,"request_id":65,"ok":true}
{"at":1786251084.262597,"method":"tools/call","request_id":66}
{"done_at":1786251084.334797,"request_id":66,"ok":true}
{"at":1786251095.810221,"method":"tools/call","request_id":67}
{"done_at":1786251095.873727,"request_id":67,"ok":true}
{"at":1786251101.574769,"method":"tools/call","request_id":68}
{"done_at":1786251101.589613,"request_id":68,"ok":true}
{"at":1786251106.112274,"method":"tools/call","request_id":69}
{"done_at":1786251106.18787,"request_id":69,"ok":true}
{"at":1786251124.703693,"method":"tools/call","request_id":70}
{"done_at":1786251124.761369,"request_id":70,"ok":true}
{"at":1786251131.441097,"method":"tools/call","request_id":71}
{"done_at":1786251131.45401,"request_id":71,"ok":true}
{"at":1786251136.22755,"method":"tools/call","request_id":72}
{"done_at":1786251136.288619,"request_id":72,"ok":true}
{"at":1786251157.079767,"method":"tools/call","request_id":73}
{"done_at":1786251157.126099,"request_id":73,"ok":true}
{"at":1786251162.050645,"method":"tools/call","request_id":74}
{"done_at":1786251162.065327,"request_id":74,"ok":true}
{"at":1786251166.833626,"method":"tools/call","request_id":75}
{"done_at":1786251166.913698,"request_id":75,"ok":true}
{"at":1786251176.361425,"method":"tools/call","request_id":76}
{"done_at":1786251176.427425,"request_id":76,"ok":true}
{"at":1786251183.410644,"method":"tools/call","request_id":77}
{"done_at":1786251183.424288,"request_id":77,"ok":true}
{"at":1786251188.773371,"method":"tools/call","request_id":78}
{"done_at":1786251188.84515,"request_id":78,"ok":true}
{"at":1786251198.562442,"method":"tools/call","request_id":79}
{"done_at":1786251198.622781,"request_id":79,"ok":true}
{"at":1786251207.47954,"method":"tools/call","request_id":80}
{"done_at":1786251207.501311,"request_id":80,"ok":true}
{"at":1786251215.241011,"method":"tools/call","request_id":81}
{"done_at":1786251215.329521,"request_id":81,"ok":true}
{"at":1786251231.895061,"method":"tools/call","request_id":82}
{"done_at":1786251231.954924,"request_id":82,"ok":true}
{"at":1786251236.808491,"method":"tools/call","request_id":83}
{"done_at":1786251236.826529,"request_id":83,"ok":true}
{"at":1786251243.186283,"method":"tools/call","request_id":84}
{"done_at":1786251243.303482,"request_id":84,"ok":true}
{"at":1786251252.474383,"method":"tools/call","request_id":85}
{"done_at":1786251252.579225,"request_id":85,"ok":true}
{"at":1786251258.721965,"method":"tools/call","request_id":86}
{"done_at":1786251258.7444,"request_id":86,"ok":true}
{"at":1786251351.888985,"method":"tools/call","request_id":87}
{"done_at":1786251351.905683,"request_id":87,"ok":true}
{"at":1786251355.569023,"method":"tools/call","request_id":88}
{"done_at":1786251355.664367,"request_id":88,"ok":true}
{"at":1786251361.315621,"method":"tools/call","request_id":89}
{"done_at":1786251361.431556,"request_id":89,"ok":true}
{"at":1786251365.512512,"method":"tools/call","request_id":90}
{"done_at":1786251365.536276,"request_id":90,"ok":true}
{"at":1786251369.769432,"method":"tools/call","request_id":91}
{"done_at":1786251369.839209,"request_id":91,"ok":true}
{"at":1786251395.581332,"method":"tools/call","request_id":92}
{"done_at":1786251395.779605,"request_id":92,"ok":true}
{"at":1786251399.959045,"method":"tools/call","request_id":93}
{"done_at":1786251399.990567,"request_id":93,"ok":true}
{"at":1786251403.790861,"method":"tools/call","request_id":94}
{"done_at":1786251403.900921,"request_id":94,"ok":true}
{"at":1786251439.748068,"method":"tools/call","request_id":95}
{"done_at":1786251439.815817,"request_id":95,"ok":true}
{"at":1786251443.63971,"method":"tools/call","request_id":96}
{"done_at":1786251443.670981,"request_id":96,"ok":true}
{"at":1786251447.599086,"method":"tools/call","request_id":97}
{"done_at":1786251447.678272,"request_id":97,"ok":true}
{"at":1786251467.334884,"method":"tools/call","request_id":98}
{"done_at":1786251467.419814,"request_id":98,"ok":true}
{"at":1786251471.34191,"method":"tools/call","request_id":99}
{"done_at":1786251471.364358,"request_id":99,"ok":true}
{"at":1786251475.174126,"method":"tools/call","request_id":100}
{"done_at":1786251475.266981,"request_id":100,"ok":true}
{"at":1786251485.942624,"method":"tools/call","request_id":101}
{"done_at":1786251486.059287,"request_id":101,"ok":true}
{"at":1786251493.623543,"method":"tools/call","request_id":102}
{"done_at":1786251493.64292,"request_id":102,"ok":true}
{"at":1786251497.309072,"method":"tools/call","request_id":103}
{"done_at":1786251497.427995,"request_id":103,"ok":true}
{"at":1786251526.720216,"method":"tools/call","request_id":104}
{"done_at":1786251526.792633,"request_id":104,"ok":true}
{"at":1786251532.558137,"method":"tools/call","request_id":105}
{"done_at":1786251532.572913,"request_id":105,"ok":true}
{"at":1786251536.23641,"method":"tools/call","request_id":106}
{"done_at":1786251536.317326,"request_id":106,"ok":true}
{"at":1786251550.109506,"method":"tools/call","request_id":107}
{"done_at":1786251550.208276,"request_id":107,"ok":true}
{"at":1786251554.889985,"method":"tools/call","request_id":108}
{"done_at":1786251554.908723,"request_id":108,"ok":true}
{"at":1786251560.24851,"method":"tools/call","request_id":109}
{"done_at":1786251560.344213,"request_id":109,"ok":true}
{"at":1786251572.688698,"method":"tools/call","request_id":110}
{"done_at":1786251572.758867,"request_id":110,"ok":true}
{"at":1786251577.013881,"method":"tools/call","request_id":111}
{"done_at":1786251577.029476,"request_id":111,"ok":true}
{"at":1786251580.95313,"method":"tools/call","request_id":112}
{"done_at":1786251581.03148,"request_id":112,"ok":true}
{"at":1786251594.814613,"method":"tools/call","request_id":113}
{"done_at":1786251594.892967,"request_id":113,"ok":true}
{"at":1786251600.562916,"method":"tools/call","request_id":114}
{"done_at":1786251600.600959,"request_id":114,"ok":true}
{"at":1786251604.851136,"method":"tools/call","request_id":115}
{"done_at":1786251604.979135,"request_id":115,"ok":true}
{"at":1786251659.912574,"method":"tools/call","request_id":116}
{"done_at":1786251659.97171,"request_id":116,"ok":true}
{"at":1786251665.610072,"method":"tools/call","request_id":117}
{"done_at":1786251665.625959,"request_id":117,"ok":true}
{"at":1786251670.579722,"method":"tools/call","request_id":118}
{"done_at":1786251670.64985,"request_id":118,"ok":true}
{"at":1786251702.688383,"method":"tools/call","request_id":119}
{"done_at":1786251702.743571,"request_id":119,"ok":true}
{"at":1786251707.17241,"method":"tools/call","request_id":120}
{"done_at":1786251707.186255,"request_id":120,"ok":true}
{"at":1786251711.598594,"method":"tools/call","request_id":121}
{"done_at":1786251711.666948,"request_id":121,"ok":true}
{"at":1786251725.682475,"method":"tools/call","request_id":122}
{"done_at":1786251725.757208,"request_id":122,"ok":true}
{"at":1786251730.203376,"method":"tools/call","request_id":123}
{"done_at":1786251730.221455,"request_id":123,"ok":true}
{"at":1786251734.753542,"method":"tools/call","request_id":124}
{"done_at":1786251734.853777,"request_id":124,"ok":true}
{"at":1786251778.140189,"method":"tools/call","request_id":125}
{"done_at":1786251778.197175,"request_id":125,"ok":true}
{"at":1786251782.461361,"method":"tools/call","request_id":126}
{"done_at":1786251782.473487,"request_id":126,"ok":true}
{"at":1786251786.617665,"method":"tools/call","request_id":127}
{"done_at":1786251786.701159,"request_id":127,"ok":true}
{"at":1786251798.7038,"method":"tools/call","request_id":128}
{"done_at":1786251798.760058,"request_id":128,"ok":true}
{"at":1786251803.359182,"method":"tools/call","request_id":129}
{"done_at":1786251803.373939,"request_id":129,"ok":true}
{"at":1786251807.808535,"method":"tools/call","request_id":130}
{"done_at":1786251807.866135,"request_id":130,"ok":true}
{"at":1786251832.443554,"method":"tools/call","request_id":131}
{"done_at":1786251832.553231,"request_id":131,"ok":true}
{"at":1786251837.769374,"method":"tools/call","request_id":132}
{"done_at":1786251837.788656,"request_id":132,"ok":true}
{"at":1786251842.638816,"method":"tools/call","request_id":133}
{"done_at":1786251842.745489,"request_id":133,"ok":true}
{"at":1786251853.493443,"method":"tools/call","request_id":134}
{"done_at":1786251853.567827,"request_id":134,"ok":true}
{"at":1786251858.13289,"method":"tools/call","request_id":135}
{"done_at":1786251858.157931,"request_id":135,"ok":true}
{"at":1786251862.989884,"method":"tools/call","request_id":136}
{"done_at":1786251863.090912,"request_id":136,"ok":true}
{"at":1786251876.876409,"method":"tools/call","request_id":137}
{"done_at":1786251876.940979,"request_id":137,"ok":true}
{"at":1786251881.210898,"method":"tools/call","request_id":138}
{"done_at":1786251881.224111,"request_id":138,"ok":true}
{"at":1786251885.805571,"method":"tools/call","request_id":139}
{"done_at":1786251885.866519,"request_id":139,"ok":true}
{"at":1786251896.270572,"method":"tools/call","request_id":140}
{"done_at":1786251896.386684,"request_id":140,"ok":true}
{"at":1786251901.401523,"method":"tools/call","request_id":141}
{"done_at":1786251901.413316,"request_id":141,"ok":true}
{"at":1786251905.6836,"method":"tools/call","request_id":142}
{"done_at":1786251905.771134,"request_id":142,"ok":true}
{"at":1786251917.414248,"method":"tools/call","request_id":143}
{"done_at":1786251917.475214,"request_id":143,"ok":true}
{"at":1786251922.368793,"method":"tools/call","request_id":144}
{"done_at":1786251922.387193,"request_id":144,"ok":true}
{"at":1786251929.383191,"method":"tools/call","request_id":145}
{"done_at":1786251929.456644,"request_id":145,"ok":true}
{"at":1786251946.85282,"method":"tools/call","request_id":146}
{"done_at":1786251946.960183,"request_id":146,"ok":true}
{"at":1786251954.225145,"method":"tools/call","request_id":147}
{"done_at":1786251954.239018,"request_id":147,"ok":true}
{"at":1786251959.763968,"method":"tools/call","request_id":148}
{"done_at":1786251959.833664,"request_id":148,"ok":true}
{"at":1786251971.260427,"method":"tools/call","request_id":149}
{"done_at":1786251971.320588,"request_id":149,"ok":true}
{"at":1786251976.046691,"method":"tools/call","request_id":150}
{"done_at":1786251976.061539,"request_id":150,"ok":true}
{"at":1786251980.475249,"method":"tools/call","request_id":151}
{"done_at":1786251980.543283,"request_id":151,"ok":true}
{"at":1786252004.774302,"method":"tools/call","request_id":152}
{"done_at":1786252004.857364,"request_id":152,"ok":true}
{"at":1786252012.298319,"method":"tools/call","request_id":153}
{"done_at":1786252012.313114,"request_id":153,"ok":true}
{"at":1786252018.434244,"method":"tools/call","request_id":154}
{"done_at":1786252018.534564,"request_id":154,"ok":true}
{"at":1786252034.726855,"method":"tools/call","request_id":155}
{"done_at":1786252034.793856,"request_id":155,"ok":true}
{"at":1786252042.175827,"method":"tools/call","request_id":156}
{"done_at":1786252042.193885,"request_id":156,"ok":true}
{"at":1786252046.430442,"method":"tools/call","request_id":157}
{"done_at":1786252046.501986,"request_id":157,"ok":true}
{"at":1786252057.125841,"method":"tools/call","request_id":158}
{"done_at":1786252057.188331,"request_id":158,"ok":true}
{"at":1786252064.797321,"method":"tools/call","request_id":159}
{"done_at":1786252064.813167,"request_id":159,"ok":true}
{"at":1786252069.224227,"method":"tools/call","request_id":160}
{"done_at":1786252069.302722,"request_id":160,"ok":true}
{"at":1786252089.372647,"method":"tools/call","request_id":161}
{"done_at":1786252089.433772,"request_id":161,"ok":true}
{"at":1786252094.457614,"method":"tools/call","request_id":162}
{"done_at":1786252094.470951,"request_id":162,"ok":true}
{"at":1786252100.483018,"method":"tools/call","request_id":163}
{"done_at":1786252100.538259,"request_id":163,"ok":true}
{"at":1786252114.167209,"method":"tools/call","request_id":164}
{"done_at":1786252114.262126,"request_id":164,"ok":true}
{"at":1786252121.054619,"method":"tools/call","request_id":165}
{"done_at":1786252121.070906,"request_id":165,"ok":true}
{"at":1786252125.954398,"method":"tools/call","request_id":166}
{"done_at":1786252126.019375,"request_id":166,"ok":true}
{"at":1786252137.974516,"method":"tools/call","request_id":167}
{"done_at":1786252138.036801,"request_id":167,"ok":true}
{"at":1786252142.724158,"method":"tools/call","request_id":168}
{"done_at":1786252142.739163,"request_id":168,"ok":true}
{"at":1786252217.823566,"method":"tools/call","request_id":169}
{"done_at":1786252217.840521,"request_id":169,"ok":true}
{"at":1786252221.367815,"method":"tools/call","request_id":170}
{"done_at":1786252221.456954,"request_id":170,"ok":true}
{"at":1786252227.009492,"method":"initialize","request_id":0}
{"done_at":1786252227.010369,"request_id":0,"ok":true}
{"at":1786252227.011689,"method":"notifications/initialized","request_id":null}
{"at":1786252227.012559,"method":"tools/list","request_id":1}
{"done_at":1786252227.013245,"request_id":1,"ok":true}
{"at":1786252239.180968,"method":"tools/call","request_id":2}
{"done_at":1786252239.19964,"request_id":2,"ok":true}
{"at":1786252246.461022,"method":"tools/call","request_id":3}
{"done_at":1786252246.585995,"request_id":3,"ok":true}
{"at":1786252259.966849,"method":"tools/call","request_id":4}
{"done_at":1786252260.044289,"request_id":4,"ok":true}
